// Jest Snapshot v1, https://goo.gl/fbAQLP

exports[`Regression Anchor: Pure Balance (Dog) = 60 full result shape snapshot 1`] = `
{
  "allergenDelta": 0,
  "carbEstimate": {
    "ashUsedPct": 7,
    "confidence": "estimated",
    "qualitativeLabel": "High",
    "species": "dog",
    "valueDmb": 43.3,
  },
  "category": "daily_food",
  "displayScore": 60,
  "finalScore": 60,
  "flags": [
    "ingredient_splitting_detected",
  ],
  "ingredientPenalties": [
    {
      "citationSource": "AAFCO-2023",
      "ingredientName": "peas",
      "position": 3,
      "positionAdjustedPenalty": 10,
      "rawPenalty": 10,
      "reason": "Moderate-severity ingredient concern",
    },
    {
      "citationSource": "AAFCO-2023",
      "ingredientName": "poultry_fat",
      "position": 6,
      "positionAdjustedPenalty": 7,
      "rawPenalty": 10,
      "reason": "Moderate-severity ingredient concern",
    },
    {
      "citationSource": "AAFCO-2023",
      "ingredientName": "fish_meal",
      "position": 8,
      "positionAdjustedPenalty": 7,
      "rawPenalty": 10,
      "reason": "Moderate-severity ingredient concern",
    },
    {
      "citationSource": "AAFCO Definitions 9.3/9.14 (2023)",
      "ingredientName": "fish_meal",
      "position": 8,
      "positionAdjustedPenalty": 2,
      "rawPenalty": 2,
      "reason": "Unnamed species source — variable supply chain, allergy risk",
    },
    {
      "citationSource": "AAFCO-2023",
      "ingredientName": "natural_flavor",
      "position": 11,
      "positionAdjustedPenalty": 10,
      "rawPenalty": 10,
      "reason": "Moderate-severity ingredient concern",
    },
    {
      "citationSource": "AAFCO Definitions 9.3/9.14 (2023)",
      "ingredientName": "natural_flavor",
      "position": 11,
      "positionAdjustedPenalty": 2,
      "rawPenalty": 2,
      "reason": "Unnamed species source — variable supply chain, allergy risk",
    },
    {
      "citationSource": "AAFCO-2023",
      "ingredientName": "salt",
      "position": 13,
      "positionAdjustedPenalty": 4,
      "rawPenalty": 10,
      "reason": "Moderate-severity ingredient concern",
    },
    {
      "citationSource": "AAFCO-2023",
      "ingredientName": "copper_sulfate",
      "position": 33,
      "positionAdjustedPenalty": 10,
      "rawPenalty": 10,
      "reason": "Moderate-severity ingredient concern",
    },
  ],
  "ingredientResults": [
    {
      "canonicalName": "peas",
      "ingredientName": "peas",
      "position": 3,
      "reasons": [
        {
          "citationSource": "AAFCO-2023",
          "rawPoints": 10,
          "reason": "Moderate-severity ingredient concern",
          "weightedPoints": 10,
        },
      ],
      "severity": "caution",
      "totalWeightedPoints": 10,
    },
    {
      "canonicalName": "poultry_fat",
      "ingredientName": "poultry_fat",
      "position": 6,
      "reasons": [
        {
          "citationSource": "AAFCO-2023",
          "rawPoints": 10,
          "reason": "Moderate-severity ingredient concern",
          "weightedPoints": 7,
        },
      ],
      "severity": "caution",
      "totalWeightedPoints": 7,
    },
    {
      "canonicalName": "fish_meal",
      "ingredientName": "fish_meal",
      "position": 8,
      "reasons": [
        {
          "citationSource": "AAFCO-2023",
          "rawPoints": 10,
          "reason": "Moderate-severity ingredient concern",
          "weightedPoints": 7,
        },
        {
          "citationSource": "AAFCO Definitions 9.3/9.14 (2023)",
          "rawPoints": 2,
          "reason": "Unnamed species source — variable supply chain, allergy risk",
          "weightedPoints": 2,
        },
      ],
      "severity": "caution",
      "totalWeightedPoints": 9,
    },
    {
      "canonicalName": "natural_flavor",
      "ingredientName": "natural_flavor",
      "position": 11,
      "reasons": [
        {
          "citationSource": "AAFCO-2023",
          "rawPoints": 10,
          "reason": "Moderate-severity ingredient concern",
          "weightedPoints": 10,
        },
        {
          "citationSource": "AAFCO Definitions 9.3/9.14 (2023)",
          "rawPoints": 2,
          "reason": "Unnamed species source — variable supply chain, allergy risk",
          "weightedPoints": 2,
        },
      ],
      "severity": "caution",
      "totalWeightedPoints": 12,
    },
    {
      "canonicalName": "salt",
      "ingredientName": "salt",
      "position": 13,
      "reasons": [
        {
          "citationSource": "AAFCO-2023",
          "rawPoints": 10,
          "reason": "Moderate-severity ingredient concern",
          "weightedPoints": 4,
        },
      ],
      "severity": "caution",
      "totalWeightedPoints": 4,
    },
    {
      "canonicalName": "copper_sulfate",
      "ingredientName": "copper_sulfate",
      "position": 33,
      "reasons": [
        {
          "citationSource": "AAFCO-2023",
          "rawPoints": 10,
          "reason": "Moderate-severity ingredient concern",
          "weightedPoints": 10,
        },
      ],
      "severity": "caution",
      "totalWeightedPoints": 10,
    },
  ],
  "isPartialScore": false,
  "isRecalled": false,
  "layer1": {
    "formulation": 88,
    "ingredientQuality": 48,
    "nutritionalProfile": 79,
    "weightedComposite": 63.3,
  },
  "layer2": {
    "appliedRules": [
      {
        "adjustment": -5,
        "citation": "FDA CVM DCM Investigation, 2019 (updated 2024)",
        "fired": true,
        "label": "DCM pulse load advisory",
        "ruleId": "DCM_ADVISORY",
      },
      {
        "adjustment": 2,
        "citation": "FDA CVM DCM Investigation, 2019 (updated 2024)",
        "fired": true,
        "label": "Taurine + L-Carnitine supplementation",
        "ruleId": "TAURINE_MITIGATION",
      },
    ],
    "speciesAdjustment": -3,
  },
  "layer3": {
    "allergenWarnings": [],
    "personalizations": [
      {
        "adjustment": 0,
        "label": "Mochi's Breed & Age Adjustments",
        "petName": "Mochi",
        "type": "breed",
      },
    ],
  },
  "llmExtracted": false,
  "petName": "Mochi",
}
`;

exports[`Regression Anchor: Temptations (Cat Treat) = 0 full result shape snapshot 1`] = `
{
  "allergenDelta": 0,
  "carbEstimate": {
    "ashUsedPct": 5,
    "confidence": "estimated",
    "qualitativeLabel": "High",
    "species": "cat",
    "valueDmb": 34.1,
  },
  "category": "treat",
  "displayScore": 0,
  "finalScore": 0,
  "flags": [],
  "ingredientPenalties": [
    {
      "citationSource": "AAFCO-2023",
      "ingredientName": "chicken by-product meal",
      "position": 1,
      "positionAdjustedPenalty": 10,
      "rawPenalty": 10,
      "reason": "Moderate-severity ingredient concern",
    },
    {
      "citationSource": "AAFCO-2023",
      "ingredientName": "ground corn",
      "position": 2,
      "positionAdjustedPenalty": 10,
      "rawPenalty": 10,
      "reason": "Moderate-severity ingredient concern",
    },
    {
      "citationSource": "AAFCO-2023",
      "ingredientName": "animal fat",
      "position": 3,
      "positionAdjustedPenalty": 10,
      "rawPenalty": 10,
      "reason": "Moderate-severity ingredient concern",
    },
    {
      "citationSource": "AAFCO Definitions 9.3/9.14 (2023)",
      "ingredientName": "animal fat",
      "position": 3,
      "positionAdjustedPenalty": 2,
      "rawPenalty": 2,
      "reason": "Unnamed species source — variable supply chain, allergy risk",
    },
    {
      "citationSource": "AAFCO-2023",
      "ingredientName": "dried meat by-products",
      "position": 4,
      "positionAdjustedPenalty": 10,
      "rawPenalty": 10,
      "reason": "Moderate-severity ingredient concern",
    },
    {
      "citationSource": "AAFCO Definitions 9.3/9.14 (2023)",
      "ingredientName": "natural flavor",
      "position": 7,
      "positionAdjustedPenalty": 2,
      "rawPenalty": 2,
      "reason": "Unnamed species source — variable supply chain, allergy risk",
    },
    {
      "citationSource": "AAFCO-2023; Merck Veterinary Manual",
      "ingredientName": "yellow 5",
      "position": 10,
      "positionAdjustedPenalty": 20,
      "rawPenalty": 20,
      "reason": "High-severity ingredient concern",
    },
    {
      "citationSource": "AAFCO-2023; Merck Veterinary Manual",
      "ingredientName": "red 40",
      "position": 11,
      "positionAdjustedPenalty": 20,
      "rawPenalty": 20,
      "reason": "High-severity ingredient concern",
    },
    {
      "citationSource": "AAFCO-2023; Merck Veterinary Manual",
      "ingredientName": "blue 2",
      "position": 12,
      "positionAdjustedPenalty": 20,
      "rawPenalty": 20,
      "reason": "High-severity ingredient concern",
    },
  ],
  "ingredientResults": [
    {
      "canonicalName": "chicken by-product meal",
      "ingredientName": "chicken by-product meal",
      "position": 1,
      "reasons": [
        {
          "citationSource": "AAFCO-2023",
          "rawPoints": 10,
          "reason": "Moderate-severity ingredient concern",
          "weightedPoints": 10,
        },
      ],
      "severity": "caution",
      "totalWeightedPoints": 10,
    },
    {
      "canonicalName": "ground corn",
      "ingredientName": "ground corn",
      "position": 2,
      "reasons": [
        {
          "citationSource": "AAFCO-2023",
          "rawPoints": 10,
          "reason": "Moderate-severity ingredient concern",
          "weightedPoints": 10,
        },
      ],
      "severity": "caution",
      "totalWeightedPoints": 10,
    },
    {
      "canonicalName": "animal fat",
      "ingredientName": "animal fat",
      "position": 3,
      "reasons": [
        {
          "citationSource": "AAFCO-2023",
          "rawPoints": 10,
          "reason": "Moderate-severity ingredient concern",
          "weightedPoints": 10,
        },
        {
          "citationSource": "AAFCO Definitions 9.3/9.14 (2023)",
          "rawPoints": 2,
          "reason": "Unnamed species source — variable supply chain, allergy risk",
          "weightedPoints": 2,
        },
      ],
      "severity": "caution",
      "totalWeightedPoints": 12,
    },
    {
      "canonicalName": "dried meat by-products",
      "ingredientName": "dried meat by-products",
      "position": 4,
      "reasons": [
        {
          "citationSource": "AAFCO-2023",
          "rawPoints": 10,
          "reason": "Moderate-severity ingredient concern",
          "weightedPoints": 10,
        },
      ],
      "severity": "caution",
      "totalWeightedPoints": 10,
    },
    {
      "canonicalName": "natural flavor",
      "ingredientName": "natural flavor",
      "position": 7,
      "reasons": [
        {
          "citationSource": "AAFCO Definitions 9.3/9.14 (2023)",
          "rawPoints": 2,
          "reason": "Unnamed species source — variable supply chain, allergy risk",
          "weightedPoints": 2,
        },
      ],
      "severity": "caution",
      "totalWeightedPoints": 2,
    },
    {
      "canonicalName": "yellow 5",
      "ingredientName": "yellow 5",
      "position": 10,
      "reasons": [
        {
          "citationSource": "AAFCO-2023; Merck Veterinary Manual",
          "rawPoints": 20,
          "reason": "High-severity ingredient concern",
          "weightedPoints": 20,
        },
      ],
      "severity": "danger",
      "totalWeightedPoints": 20,
    },
    {
      "canonicalName": "red 40",
      "ingredientName": "red 40",
      "position": 11,
      "reasons": [
        {
          "citationSource": "AAFCO-2023; Merck Veterinary Manual",
          "rawPoints": 20,
          "reason": "High-severity ingredient concern",
          "weightedPoints": 20,
        },
      ],
      "severity": "danger",
      "totalWeightedPoints": 20,
    },
    {
      "canonicalName": "blue 2",
      "ingredientName": "blue 2",
      "position": 12,
      "reasons": [
        {
          "citationSource": "AAFCO-2023; Merck Veterinary Manual",
          "rawPoints": 20,
          "reason": "High-severity ingredient concern",
          "weightedPoints": 20,
        },
      ],
      "severity": "danger",
      "totalWeightedPoints": 20,
    },
  ],
  "isPartialScore": false,
  "isRecalled": false,
  "layer1": {
    "formulation": 0,
    "ingredientQuality": 0,
    "nutritionalProfile": 0,
    "weightedComposite": 0,
  },
  "layer2": {
    "appliedRules": [
      {
        "adjustment": 0,
        "citation": "Journal of Animal Physiology, 2012",
        "fired": false,
        "label": "High-glycemic carb overload",
        "ruleId": "CAT_CARB_OVERLOAD",
      },
      {
        "adjustment": -10,
        "citation": "NRC Nutrient Requirements of Dogs and Cats, 2006",
        "fired": true,
        "label": "No taurine supplementation detected",
        "ruleId": "CAT_TAURINE_MISSING",
      },
      {
        "adjustment": 0,
        "citation": "Court & Greenblatt, 2000; ASPCA toxicology",
        "fired": false,
        "label": "UGT1A6 enzyme concern detected",
        "ruleId": "UGT1A6_WARNING",
      },
    ],
    "speciesAdjustment": 0,
  },
  "layer3": {
    "allergenWarnings": [],
    "personalizations": [
      {
        "adjustment": 0,
        "label": "Mochi's Breed & Age Adjustments",
        "petName": "Mochi",
        "type": "breed",
      },
    ],
  },
  "llmExtracted": false,
  "petName": "Mochi",
}
`;
